[default]
aws_access_key_id     = ABCD
aws_secret_access_key = X&123

