[{"Current":true,"Description":"Current DOCKER_HOST based configuration","DockerEndpoint":"npipe:////./pipe/docker_engine","KubernetesEndpoint":"","Type":"moby","Name":"default","StackOrchestrator":"swarm"}]
